3.  计算复杂度分析缺失 ：  FFT  的  O(n log n)  复杂度在长文本上开销显著，论文未讨论效率问题
特性。为何不用自适应权重或注意力机制进行动态融合？
2.  门控机制缺乏设计依据 ：公式  (9)(10)  的  G  函数设计过于简单，仅通过线性层融合时频特征，未能充分利用频域
是否对应全局语义？这些关键问题未解释，导致方法像个  "  黑箱  "
1.  频域特征语义不明 ：公式  (5)  得到的振幅分布  A  的物理  /  语义含义是什么？高频分量是否对应局部风格？低频分量
理论缺陷：
域特征的结合
3.  数据增强策略（★★★☆☆） ：使用  LLM  生成风格化改写版本已有先例（如  SheepDog  ），本文的改进在于与频
这是论文的技术亮点
2.  多目标函数设计（★★★★☆） ：结合交叉熵、  KL  散度和三元组损失是合理的，三重约束能有效平衡不同任务，
在  FNet  等模型中已有探索，本文的应用场景有差异，但原创性有限
1.  方法论创新（★★★☆☆） ：将  FFT  引入假新闻检测是新颖的，但属于  "  迁移式创新  "  而非  "  原理性创新  "  。类似思想
创新点评估：
三、原理创新性与理论深度  
时域和频域如何  "  交互  "  的数学表达不够严谨
3.  术语不一致 ：摘要中  "frequency-domain feature"  与正文中  "time-frequency feature"  混用，概念层次不清，
上，风格信息（如句式、词汇）在  FFT  后仍会体现在频谱分布中，这一关键假设缺乏支撑
2.  因果关系模糊 ：论文声称频域特征能  "  缓解风格攻击干扰  "  ，但未能从机理上解释为何频域对风格不敏感。实际
性论证。文本的离散性、非平稳性与传统信号有本质差异，  FFT  的适用性未充分讨论
1.  理论跳跃性过强 ：从信号处理领域的  "  旁观者清  "  谚语直接跳跃到  "  频域分析  "  ，缺乏对文本序列作为  "  信号  "  的合理
主要问题：
3.  模块化设计清晰 ：框架分为数据增强、特征交互、预测和损失计算四个模块，结构严谨
2.  技术路线合理 ：采用  "  频域特征补充  +  多任务优化  "  的思路，符合提升鲁棒性的研究范式
题，动机明确
1.  问题引入清晰 ：从  LLM  生成假新闻的挑战出发，通过图  1  和图  2  直观展示了风格攻击下时域特征分布重叠的问
优点：
二、逻辑结构与论证完整性  
分：  6.5/10  （可接受，但需重大修改）
意义。方法设计具有一定创新性，实验较为充分，但在理论严谨性、实验细节和局限性讨论方面仍存在不足。 综合评
该论文针对  LLM  生成的风格化假新闻检测问题，提出了融合频域特征的鲁棒检测框架  CFR-FND  ，选题具有重要的现实
一、总体评价  
News Detection  》进行如下评审：
作为教授，我对这篇论文《  Enhancing Text Representation with Frequency-Domain Features for Robust Fake
4.  可解释性 ：频域特征如何帮助解释预测？论文开头强调可解释性重要性，但方法本身不可解释
3.  可扩展性 ：方法依赖  LLM  生成改写版本，在线检测时如何实现快速适配？
2.  对抗适应性 ：对手若知悉频域特征，可在生成时直接优化频谱分布，方法是否仍有效？
1.  通用性局限 ：  FFT  假设序列位置具有平移不变性，但文本的语序敏感，破坏顺序可能丢失因果逻辑
局限性缺失（严重问题）：    论文完全未讨论以下关键局限：
LUN  数据集上  ARG  更优，说明  LLM  知识注入有效，这与频域方法的关系是什么？能否互补？
为何  COVID  数据集上  style-agnostic  方法更有效？是否因为医疗领域术语特异性强？
结论问题：    结论部分基本复述了摘要， 缺乏基于实验的新见解 。例如：
五、结论与局限性  
效率对比 ：未报告训练  /  推理时间，无法评估实际部署可行性
特征可视化不足 ：图  7  的  t-SNE  可视化过于粗糙，未给出不同攻击强度（如改写程度）下的性能曲线
失败案例分析 ：未展示模型失败的具体案例，无法了解频域特征的局限性
4.  缺少关键分析 ：
5%  ）统计显著性存疑
显著性边际效应 ：多数提升幅度仅  1-3%  ，在标准差较大情况下（如  PolitiFact  攻击场景标准差约  1.5-
检验校正（测试了  4  个数据集  ×4  种攻击  =16  次比较）
表  5  标注  "*"  表示  p<0.05  ，但未说明检验类型（应为配对  t  检验）、样本量（  10  次运行是否足够）和多重
3.  统计分析不严谨 ：
缺少传统基于特征的鲁棒方法（如对抗训练、数据增强），无法全面评估
未包含专门的频域文本模型（如  FNet  ）对比，无法凸显  CFR-FND  的优越性
2.  Baseline  选择偏差 ：
的信息瓶颈？
PolitiFact  频域维度设为  4 的决策过于随意（图  8  ）。如此小的维度如何保证信息不丢失？是否存在过强
据集规模，缺乏理论指导
表  4  中不同数据集的  "heads  数量  "  （  1,2,4,4  ）和  "  λ  _tp  权重  "  （  0.1,0.1,1,0.05  ）差异巨大，仅简单归因于数
1.  参数设置依据不足 ：
严重缺陷：
3.  消融实验充分 ：  Base/CK/CKF/CFR-FND  的对比有效验证了各模块贡献
2.  攻击场景真实 ：采用  CNN/NYT  等权威媒体风格改写假新闻，符合实际威胁模型
1.  数据集覆盖面广 ：政治、娱乐、疫情等多领域数据集，增强了结论的普适性
实验优点：
四、实验设计与分析质量
一篇扎实的工作。当前版本急于展示性能提升，忽视了科学研究的严谨性，距离顶级会议  /  期刊标准尚有差距。
经验性技巧而非科学原理。若作者能补充频域语义的解释性分析、完善统计检验并诚实地讨论局限性，则有望提升为
该研究选题重要，实验工作量充足，但 理论基础薄弱如同  "  沙上建塔  " 。频域特征的有效性未被充分论证，更像是一个
建议：  Major Revision  （重大修改）
七、最终意见  
提出未来工作，如轻量级频域编码器、对抗训练结合等
增加  "Limitations"  章节，诚实讨论方法的假设条件和适用范围
4.  讨论拓展 ：
绘制性能  -  攻击强度曲线，评估方法鲁棒性边界
对失败样本进行语言学分析，明确频域特征失效的场景
3.  分析深化 ：
补充时间和内存开销对比，至少报告单条样本推理耗时
报告完整的统计检验细节（效应量、置信区间）
增加  FNet  、  TextCNN  等频域  /  时域基线对比
2.  实验完善 ：
通过案例可视化展示频域分量（如将振幅  A  映射回词空间），增强可解释性
补充文本傅里叶变换的理论基础，引用数学上关于序列建模的频域分析文献
1.  理论强化 ：
六、具体修改建议